2026-01-05 23:29:14,087 - Found credentials in shared credentials file: ~/.aws/credentials
2026-01-05 23:34:13,357 - Found credentials in shared credentials file: ~/.aws/credentials
2026-01-05 23:34:14,927 - Started Drupal
2026-01-05 23:37:38,636 - Found credentials in shared credentials file: ~/.aws/credentials
2026-01-05 23:37:39,413 - Checked status of WordPress
2026-01-05 23:37:52,958 - Checked status of Drupal
2026-01-05 23:38:09,828 - Started WordPress
2026-01-05 23:38:21,012 - Started Drupal
2026-01-05 23:39:23,252 - Stopped WordPress
2026-01-05 23:39:29,080 - Stopped Drupal
2026-01-05 23:46:50,508 - Checked status of WordPress
2026-01-05 23:46:57,269 - Checked status of Drupal
2026-01-05 23:53:39,618 - Found credentials in shared credentials file: ~/.aws/credentials
2026-01-05 23:53:40,448 - Checked status of WordPress
2026-01-05 23:53:58,607 - Checked status of Drupal
2026-01-05 23:55:07,854 - Started WordPress
2026-01-05 23:55:16,436 - Started Drupal
2026-01-05 23:56:56,579 - Checked status of WordPress
2026-01-05 23:57:01,870 - Checked status of Drupal
2026-01-05 23:57:15,093 - Stopped Drupal
2026-01-05 23:57:18,671 - Checked status of Drupal
2026-01-05 23:57:46,335 - Stopped WordPress
2026-01-05 23:57:49,178 - Checked status of WordPress
2026-01-05 23:57:52,114 - Checked status of Drupal
2026-01-05 23:58:23,758 - Checked status of WordPress
2026-01-05 23:58:29,542 - Checked status of WordPress
2026-01-05 23:58:51,271 - Checked status of WordPress
2026-01-06 00:03:36,166 - Checked status of WordPress
2026-01-06 00:05:41,960 - Found credentials in shared credentials file: ~/.aws/credentials
2026-01-06 00:05:42,748 - Checked status of WordPress
2026-01-06 00:05:47,175 - Checked status of Drupal
2026-01-06 18:22:15,023 - Checked status of WordPress
2026-01-06 18:22:19,796 - Checked status of Drupal
2026-01-06 18:41:54,977 - Checked status of WordPress
2026-01-06 18:42:00,316 - Checked status of Drupal
2026-01-06 23:36:18,864 - Found credentials in shared credentials file: ~/.aws/credentials
2026-01-06 23:36:20,101 - Checked status of WordPress
2026-01-06 23:36:24,740 - Checked status of Drupal
